Restore Archived Project report for key_led
Sat Apr 10 14:34:34 2021
Quartus II Version 10.1 Build 153 11/29/2010 SJ Web Edition


---------------------
; Table of Contents ;
---------------------
  1. Legal Notice
  2. Restore Archived Project Summary
  3. Restore Archived Project Messages
  4. Files Restored
  5. Files Not Restored



----------------
; Legal Notice ;
----------------
Copyright (C) 1991-2010 Altera Corporation
Your use of Altera Corporation's design tools, logic functions 
and other software and tools, and its AMPP partner logic 
functions, and any output files from any of the foregoing 
(including device programming or simulation files), and any 
associated documentation or information are expressly subject 
to the terms and conditions of the Altera Program License 
Subscription Agreement, Altera MegaCore Function License 
Agreement, or other applicable license agreement, including, 
without limitation, that your use is for the sole purpose of 
programming logic devices manufactured by Altera and sold by 
Altera or its authorized distributors.  Please refer to the 
applicable agreement for further details.



+-------------------------------------------------------------------------+
; Restore Archived Project Summary                                        ;
+---------------------------------+---------------------------------------+
; Restore Archived Project Status ; Successful - Sat Apr 10 14:34:34 2021 ;
; Revision Name                   ; key_led                               ;
; Top-level Entity Name           ; key_led                               ;
; Family                          ; Cyclone                               ;
+---------------------------------+---------------------------------------+


+-----------------------------------+
; Restore Archived Project Messages ;
+-----------------------------------+
Info: Successfully restored '/usr/local/src/TodayStart-A153/Buttons_and_digital_display/key_led_tmp_archive.qar' into the '/usr/local/src/TodayStart-A153/Buttons_and_digital_display_copy/' directory
Info: Generated report 'key_led.restore.rpt'


+----------------------------------------------------+
; Files Restored                                     ;
+----------------------------------------------------+
; File Name                                          ;
+----------------------------------------------------+
; incremental_db/compiled_partitions/key_led.db_info ;
; key_led.dpf                                        ;
; key_led.qpf                                        ;
; key_led.qsf                                        ;
; key_led.v                                          ;
; key_led_assignment_defaults.qdf                    ;
+----------------------------------------------------+


+--------------------+
; Files Not Restored ;
+--------------------+
; File Name          ;
+--------------------+


